Microsoft Windows [版本 10.0.22631.5624]
(c) Microsoft Corporation。保留所有权利。

C:\Users\Lenovo\AndroidStudioProjects\bluetoothremote>